AR counter behavioral D:/Xilinx_projects/AA/counter/counter.vhd sub00/vhpl01 1612191134
AR tb testbench_arch D:/Xilinx_projects/AA/counter/tb.vhw sub00/vhpl03 1612191208
EN tb NULL D:/Xilinx_projects/AA/counter/tb.vhw sub00/vhpl02 1612191207
EN counter NULL D:/Xilinx_projects/AA/counter/counter.vhd sub00/vhpl00 1612191133
