V3 3
FL D:/Xilinx_projects/SK/dcounter/dcounter.vhd 2021/02/01.21:40:09 I.31
EN work/dcounter 1613185401        FL D:/Xilinx_projects/SK/dcounter/dcounter.vhd \
      PB ieee/std_logic_1164 1147274808 PB ieee/std_logic_arith 1147274810 \
      PB ieee/STD_LOGIC_UNSIGNED 1147274814
AR work/dcounter/Behavioral 1613185402 FL D:/Xilinx_projects/SK/dcounter/dcounter.vhd \
      EN work/dcounter 1613185401
