EN tb NULL D:/Xilinx_projects/SK/E8_SRF/tb.vhw sub00/vhpl02 1610648866
AR tb testbench_arch D:/Xilinx_projects/SK/E8_SRF/tb.vhw sub00/vhpl03 1610648867
EN e8_srf NULL D:/Xilinx_projects/SK/E8_SRF/E8_SRF.vhd sub00/vhpl00 1610608913
AR e8_srf behavioral D:/Xilinx_projects/SK/E8_SRF/E8_SRF.vhd sub00/vhpl01 1610608914
