AR tb testbench_arch D:/Xilinx_projects/SK/E8b_DF/tb.vhw sub00/vhpl03 1611218067
EN tb NULL D:/Xilinx_projects/SK/E8b_DF/tb.vhw sub00/vhpl02 1611218066
EN e8b_df NULL D:/Xilinx_projects/SK/E8b_DF/E8b_DF.vhd sub00/vhpl00 1611218064
AR e8b_df behavioral D:/Xilinx_projects/SK/E8b_DF/E8b_DF.vhd sub00/vhpl01 1611218065
