AR tb testbench_arch D:/Xilinx_projects/AA/JK_FF/tb.vhw sub00/vhpl03 1611512193
EN tb NULL D:/Xilinx_projects/AA/JK_FF/tb.vhw sub00/vhpl02 1611512192
EN jkff NULL D:/Xilinx_projects/AA/JK_FF/JKFF.vhd sub00/vhpl00 1611512190
AR jkff behavioral D:/Xilinx_projects/AA/JK_FF/JKFF.vhd sub00/vhpl01 1611512191
