AR tb testbench_arch D:/Xilinx_projects/SK/DF_B/tb.vhw sub00/vhpl03 1611217888
EN tb NULL D:/Xilinx_projects/SK/DF_B/tb.vhw sub00/vhpl02 1611217887
AR df_b behavioral D:/Xilinx_projects/SK/DF_B/DF_B.vhd sub00/vhpl01 1611217886
EN df_b NULL D:/Xilinx_projects/SK/DF_B/DF_B.vhd sub00/vhpl00 1611217885
