EN tb NULL D:/Xilinx_projects/SK/DF_B/tb.vhw sub00/vhpl02 1611218660
AR tb testbench_arch D:/Xilinx_projects/SK/DF_B/tb.vhw sub00/vhpl03 1611218661
AR df_b behavioral D:/Xilinx_projects/SK/DF_B/DF_B.vhd sub00/vhpl01 1611218659
EN df_b NULL D:/Xilinx_projects/SK/DF_B/DF_B.vhd sub00/vhpl00 1611218658
