V3 3
FL D:/Xilinx_projects/Internet/exp3_AND/exp3_AND.vhd 2020/12/15.20:55:55 I.31
EN work/exp3_AND 1608045977        FL D:/Xilinx_projects/Internet/exp3_AND/exp3_AND.vhd \
      PB ieee/std_logic_1164 1147274808 PB ieee/std_logic_arith 1147274810 \
      PB ieee/STD_LOGIC_UNSIGNED 1147274814
AR work/exp3_AND/Behavioral 1608045978 FL D:/Xilinx_projects/Internet/exp3_AND/exp3_AND.vhd \
      EN work/exp3_AND 1608045977
