V3 3
FL D:/Xilinx_projects/SK/siso_reg/siso_reg.vhd 2021/02/17.22:38:21 I.31
EN work/siso_reg 1613586266        FL D:/Xilinx_projects/SK/siso_reg/siso_reg.vhd \
      PB ieee/std_logic_1164 1147274808 PB ieee/std_logic_arith 1147274810 \
      PB ieee/STD_LOGIC_UNSIGNED 1147274814
AR work/siso_reg/Behavioral 1613586267 FL D:/Xilinx_projects/SK/siso_reg/siso_reg.vhd \
      EN work/siso_reg 1613586266
