EN srff NULL D:/Xilinx_projects/SR_FF-C/SRFF.vhd sub00/vhpl00 1609959563
EN tb NULL D:/Xilinx_projects/SR_FF-C/tb.vhw sub00/vhpl02 1609960166
AR tb testbench_arch D:/Xilinx_projects/SR_FF-C/tb.vhw sub00/vhpl03 1609960167
AR srff behavioral D:/Xilinx_projects/SR_FF-C/SRFF.vhd sub00/vhpl01 1609959564
