V3 3
FL D:/Xilinx_projects/AA/JK_FF/JKFF.vhd 2021/01/24.23:42:20 I.31
EN isim_temp/JKFF 1611511943       FL D:/Xilinx_projects/AA/JK_FF/JKFF.vhd \
      PB ieee/std_logic_1164 1147840849
AR isim_temp/JKFF/Behavioral 1611511944 FL D:/Xilinx_projects/AA/JK_FF/JKFF.vhd \
      EN isim_temp/JKFF 1611511943
