EN exp3_and NULL D:/Xilinx_projects/Internet/exp3_AND/exp3_AND.vhd sub00/vhpl00 1608046010
AR exp3_and behavioral D:/Xilinx_projects/Internet/exp3_AND/exp3_AND.vhd sub00/vhpl01 1608046011
AR tb testbench_arch D:/Xilinx_projects/Internet/exp3_AND/tb.vhw sub00/vhpl03 1608046013
EN tb NULL D:/Xilinx_projects/Internet/exp3_AND/tb.vhw sub00/vhpl02 1608046012
