EN tb NULL D:/Xilinx_projects/AA/JKFF/tb.vhw sub00/vhpl02 1611510537
AR tb testbench_arch D:/Xilinx_projects/AA/JKFF/tb.vhw sub00/vhpl03 1611510538
EN jkff NULL D:/Xilinx_projects/AA/JKFF/JKFF.vhd sub00/vhpl00 1611510515
AR jkff behavioral D:/Xilinx_projects/AA/JKFF/JKFF.vhd sub00/vhpl01 1611510516
